bringing up nodes...
bringing up nodes...

.......sssssssss.s.......sss.sss.........F......sss...Fsssss.ss......... [  4%]
.FF.........ssss......................................ssssssssssssssssss [  8%]
sssssssssss....................sssssssssssssssssssssssssssssssss........ [ 13%]
.....................ssssssssssssssssssss.ssss.ssss.................F... [ 17%]
F..F....................................FFFF.........F...s......FFFFFFFF [ 22%]
FFFFFF.F........F.............................................F......... [ 26%]
...............................................FFF.FFFFF..FF.FF.F..FFFF. [ 30%]
...........FF...............FFFFFFF........FFFF.FFF..FFFFFF...F......... [ 35%]
.........................F..............F............................... [ 39%]
.......................s......F....F..................FF................ [ 44%]
